../Drivers/STM32WLxx_HAL_Driver/Inc/stm32wlxx_ll_rcc.h:999:22:LL_RCC_HSE_EnableDiv2	4	static
../Drivers/STM32WLxx_HAL_Driver/Inc/stm32wlxx_ll_bus.h:449:22:LL_AHB2_GRP1_EnableClock	24	static
../Core/Src/main.c:68:6:SetStandbyXOSC	16	static
../Core/Src/main.c:73:6:SetPacketTypeLora	16	static
../Core/Src/main.c:78:6:SetPacketTypeFSK	16	static
../Core/Src/main.c:83:10:ComputeRfFreq	16	static
../Core/Src/main.c:87:6:SetRfFreq	24	static
../Core/Src/main.c:92:6:SetPaLowPower	16	static
../Core/Src/main.c:98:6:SetPa22dB	16	static
../Core/Src/main.c:104:6:SetTxPower	24	static
../Core/Src/main.c:110:6:SetContinuousWave	16	static
../Core/Src/main.c:115:6:SetTxInfinitePreamble	16	static
../Core/Src/main.c:120:6:SetTx	24	static
../Core/Src/main.c:126:6:SetRx	24	static
../Core/Src/main.c:134:6:SetModulationParamsLora	24	static
../Core/Src/main.c:139:6:SetModulationParamsFSK	48	static
../Core/Src/main.c:146:6:SetPacketParamsLora	32	static
../Core/Src/main.c:154:6:FSKBeep	24	static
../Core/Src/main.c:166:6:CWBeep	16	static
../Core/Src/main.c:277:6:play_morse_char	24	static
../Core/Src/main.c:330:6:play_morse_word	24	static
../Core/Src/main.c:351:5:main	32	static
../Core/Src/main.c:440:6:SystemClock_Config	112	static
../Core/Src/main.c:486:13:MX_ADC_Init	8	static
../Core/Src/main.c:533:13:MX_CRC_Init	8	static
../Core/Src/main.c:564:13:MX_SUBGHZ_Init	8	static
../Core/Src/main.c:590:13:MX_USART2_UART_Init	8	static
../Core/Src/main.c:638:13:MX_GPIO_Init	32	static
../Core/Src/main.c:679:6:Error_Handler	4	static,ignoring_inline_asm
