../Drivers/STM32WLxx_HAL_Driver/Inc/stm32wlxx_ll_rcc.h:999:22:LL_RCC_HSE_EnableDiv2	4	static
../Drivers/STM32WLxx_HAL_Driver/Inc/stm32wlxx_ll_bus.h:449:22:LL_AHB2_GRP1_EnableClock	24	static
../Core/Src/main.c:207:6:LED_on	8	static
../Core/Src/main.c:210:6:LED_off	8	static
../Core/Src/main.c:218:6:play_morse_char	24	static
../Core/Src/main.c:271:6:play_morse_word	24	static
../Core/Src/main.c:291:5:main	24	static
../Core/Src/main.c:394:6:SystemClock_Config	112	static
../Core/Src/main.c:440:13:MX_ADC_Init	8	static
../Core/Src/main.c:487:13:MX_CRC_Init	8	static
../Core/Src/main.c:518:13:MX_SUBGHZ_Init	8	static
../Core/Src/main.c:544:13:MX_USART2_UART_Init	8	static
../Core/Src/main.c:592:13:MX_GPIO_Init	32	static
../Core/Src/main.c:626:6:SetStandbyXOSC	16	static
../Core/Src/main.c:631:6:SetPacketTypeLora	16	static
../Core/Src/main.c:636:6:SetPacketTypeFSK	16	static
../Core/Src/main.c:641:10:ComputeRfFreq	16	static
../Core/Src/main.c:645:6:SetRfFreq	24	static
../Core/Src/main.c:650:6:SetPaLowPower	16	static
../Core/Src/main.c:656:6:SetPa22dB	16	static
../Core/Src/main.c:662:6:SetTxPower	24	static
../Core/Src/main.c:668:6:SetContinuousWave	16	static
../Core/Src/main.c:673:6:SetTxInfinitePreamble	16	static
../Core/Src/main.c:678:6:SetTx	24	static
../Core/Src/main.c:684:6:SetRx	24	static
../Core/Src/main.c:692:6:SetModulationParamsLora	24	static
../Core/Src/main.c:697:6:SetModulationParamsFSK	48	static
../Core/Src/main.c:704:6:SetPacketParamsLora	32	static
../Core/Src/main.c:712:6:FSKBeep	24	static
../Core/Src/main.c:724:6:CWBeep	16	static
../Core/Src/main.c:739:6:Error_Handler	4	static,ignoring_inline_asm
