../Drivers/STM32WLxx_HAL_Driver/Inc/stm32wlxx_ll_bus.h:287:22:LL_AHB1_GRP1_EnableClock	24	static
../Drivers/STM32WLxx_HAL_Driver/Inc/stm32wlxx_ll_bus.h:327:22:LL_AHB1_GRP1_DisableClock	16	static
../Drivers/STM32WLxx_HAL_Driver/Inc/stm32wlxx_ll_bus.h:449:22:LL_AHB2_GRP1_EnableClock	24	static
../Drivers/STM32WLxx_HAL_Driver/Inc/stm32wlxx_ll_bus.h:914:22:LL_APB1_GRP1_EnableClock	24	static
../Drivers/STM32WLxx_HAL_Driver/Inc/stm32wlxx_ll_bus.h:1018:22:LL_APB1_GRP1_DisableClock	16	static
../Drivers/STM32WLxx_HAL_Driver/Inc/stm32wlxx_ll_bus.h:1303:22:LL_APB2_GRP1_EnableClock	24	static
../Drivers/STM32WLxx_HAL_Driver/Inc/stm32wlxx_ll_bus.h:1351:22:LL_APB2_GRP1_DisableClock	16	static
../Drivers/STM32WLxx_HAL_Driver/Inc/stm32wlxx_ll_bus.h:1488:22:LL_APB3_GRP1_EnableClock	24	static
../Drivers/STM32WLxx_HAL_Driver/Inc/stm32wlxx_ll_bus.h:1516:22:LL_APB3_GRP1_DisableClock	16	static
../Core/Src/stm32wlxx_hal_msp.c:63:6:HAL_MspInit	4	static
../Core/Src/stm32wlxx_hal_msp.c:82:6:HAL_ADC_MspInit	16	static
../Core/Src/stm32wlxx_hal_msp.c:104:6:HAL_ADC_MspDeInit	16	static
../Core/Src/stm32wlxx_hal_msp.c:126:6:HAL_CRC_MspInit	16	static
../Core/Src/stm32wlxx_hal_msp.c:148:6:HAL_CRC_MspDeInit	16	static
../Core/Src/stm32wlxx_hal_msp.c:170:6:HAL_SUBGHZ_MspInit	16	static
../Core/Src/stm32wlxx_hal_msp.c:189:6:HAL_SUBGHZ_MspDeInit	16	static
../Core/Src/stm32wlxx_hal_msp.c:208:6:HAL_UART_MspInit	96	static
../Core/Src/stm32wlxx_hal_msp.c:255:6:HAL_UART_MspDeInit	16	static
