../Drivers/STM32WLxx_HAL_Driver/Inc/stm32wlxx_ll_rcc.h:2169:26:LL_RCC_GetUSARTClockSource	16	static
../Drivers/STM32WLxx_HAL_Driver/Inc/stm32wlxx_ll_rcc.h:2200:26:LL_RCC_GetLPUARTClockSource	16	static
../Drivers/STM32WLxx_HAL_Driver/Src/stm32wlxx_hal_uart.c:307:19:HAL_UART_Init	16	static
../Drivers/STM32WLxx_HAL_Driver/Src/stm32wlxx_hal_uart.c:380:19:HAL_HalfDuplex_Init	16	static
../Drivers/STM32WLxx_HAL_Driver/Src/stm32wlxx_hal_uart.c:453:19:HAL_LIN_Init	16	static
../Drivers/STM32WLxx_HAL_Driver/Src/stm32wlxx_hal_uart.c:550:19:HAL_MultiProcessor_Init	24	static
../Drivers/STM32WLxx_HAL_Driver/Src/stm32wlxx_hal_uart.c:624:19:HAL_UART_DeInit	16	static
../Drivers/STM32WLxx_HAL_Driver/Src/stm32wlxx_hal_uart.c:671:13:HAL_UART_MspInit	16	static
../Drivers/STM32WLxx_HAL_Driver/Src/stm32wlxx_hal_uart.c:686:13:HAL_UART_MspDeInit	16	static
../Drivers/STM32WLxx_HAL_Driver/Src/stm32wlxx_hal_uart.c:1126:19:HAL_UART_Transmit	48	static
../Drivers/STM32WLxx_HAL_Driver/Src/stm32wlxx_hal_uart.c:1230:19:HAL_UART_Receive	48	static
../Drivers/STM32WLxx_HAL_Driver/Src/stm32wlxx_hal_uart.c:1331:19:HAL_UART_Transmit_IT	72	static,ignoring_inline_asm
../Drivers/STM32WLxx_HAL_Driver/Src/stm32wlxx_hal_uart.c:1418:19:HAL_UART_Receive_IT	48	static,ignoring_inline_asm
../Drivers/STM32WLxx_HAL_Driver/Src/stm32wlxx_hal_uart.c:1478:19:HAL_UART_Transmit_DMA	48	static,ignoring_inline_asm
../Drivers/STM32WLxx_HAL_Driver/Src/stm32wlxx_hal_uart.c:1567:19:HAL_UART_Receive_DMA	48	static,ignoring_inline_asm
../Drivers/STM32WLxx_HAL_Driver/Src/stm32wlxx_hal_uart.c:1616:19:HAL_UART_DMAPause	120	static,ignoring_inline_asm
../Drivers/STM32WLxx_HAL_Driver/Src/stm32wlxx_hal_uart.c:1646:19:HAL_UART_DMAResume	112	static,ignoring_inline_asm
../Drivers/STM32WLxx_HAL_Driver/Src/stm32wlxx_hal_uart.c:1677:19:HAL_UART_DMAStop	72	static,ignoring_inline_asm
../Drivers/STM32WLxx_HAL_Driver/Src/stm32wlxx_hal_uart.c:1752:19:HAL_UART_Abort	136	static,ignoring_inline_asm
../Drivers/STM32WLxx_HAL_Driver/Src/stm32wlxx_hal_uart.c:1855:19:HAL_UART_AbortTransmit	88	static,ignoring_inline_asm
../Drivers/STM32WLxx_HAL_Driver/Src/stm32wlxx_hal_uart.c:1914:19:HAL_UART_AbortReceive	112	static,ignoring_inline_asm
../Drivers/STM32WLxx_HAL_Driver/Src/stm32wlxx_hal_uart.c:1982:19:HAL_UART_Abort_IT	144	static,ignoring_inline_asm
../Drivers/STM32WLxx_HAL_Driver/Src/stm32wlxx_hal_uart.c:2135:19:HAL_UART_AbortTransmit_IT	88	static,ignoring_inline_asm
../Drivers/STM32WLxx_HAL_Driver/Src/stm32wlxx_hal_uart.c:2226:19:HAL_UART_AbortReceive_IT	112	static,ignoring_inline_asm
../Drivers/STM32WLxx_HAL_Driver/Src/stm32wlxx_hal_uart.c:2319:6:HAL_UART_IRQHandler	240	static,ignoring_inline_asm
../Drivers/STM32WLxx_HAL_Driver/Src/stm32wlxx_hal_uart.c:2649:13:HAL_UART_TxCpltCallback	16	static
../Drivers/STM32WLxx_HAL_Driver/Src/stm32wlxx_hal_uart.c:2664:13:HAL_UART_TxHalfCpltCallback	16	static
../Drivers/STM32WLxx_HAL_Driver/Src/stm32wlxx_hal_uart.c:2679:13:HAL_UART_RxCpltCallback	16	static
../Drivers/STM32WLxx_HAL_Driver/Src/stm32wlxx_hal_uart.c:2694:13:HAL_UART_RxHalfCpltCallback	16	static
../Drivers/STM32WLxx_HAL_Driver/Src/stm32wlxx_hal_uart.c:2709:13:HAL_UART_ErrorCallback	16	static
../Drivers/STM32WLxx_HAL_Driver/Src/stm32wlxx_hal_uart.c:2724:13:HAL_UART_AbortCpltCallback	16	static
../Drivers/STM32WLxx_HAL_Driver/Src/stm32wlxx_hal_uart.c:2739:13:HAL_UART_AbortTransmitCpltCallback	16	static
../Drivers/STM32WLxx_HAL_Driver/Src/stm32wlxx_hal_uart.c:2754:13:HAL_UART_AbortReceiveCpltCallback	16	static
../Drivers/STM32WLxx_HAL_Driver/Src/stm32wlxx_hal_uart.c:2771:13:HAL_UARTEx_RxEventCallback	16	static
../Drivers/STM32WLxx_HAL_Driver/Src/stm32wlxx_hal_uart.c:2819:6:HAL_UART_ReceiverTimeout_Config	16	static
../Drivers/STM32WLxx_HAL_Driver/Src/stm32wlxx_hal_uart.c:2834:19:HAL_UART_EnableReceiverTimeout	16	static
../Drivers/STM32WLxx_HAL_Driver/Src/stm32wlxx_hal_uart.c:2872:19:HAL_UART_DisableReceiverTimeout	16	static
../Drivers/STM32WLxx_HAL_Driver/Src/stm32wlxx_hal_uart.c:2910:19:HAL_MultiProcessor_EnableMuteMode	40	static,ignoring_inline_asm
../Drivers/STM32WLxx_HAL_Driver/Src/stm32wlxx_hal_uart.c:2930:19:HAL_MultiProcessor_DisableMuteMode	40	static,ignoring_inline_asm
../Drivers/STM32WLxx_HAL_Driver/Src/stm32wlxx_hal_uart.c:2950:6:HAL_MultiProcessor_EnterMuteMode	16	static
../Drivers/STM32WLxx_HAL_Driver/Src/stm32wlxx_hal_uart.c:2960:19:HAL_HalfDuplex_EnableTransmitter	64	static,ignoring_inline_asm
../Drivers/STM32WLxx_HAL_Driver/Src/stm32wlxx_hal_uart.c:2983:19:HAL_HalfDuplex_EnableReceiver	64	static,ignoring_inline_asm
../Drivers/STM32WLxx_HAL_Driver/Src/stm32wlxx_hal_uart.c:3007:19:HAL_LIN_SendBreak	16	static
../Drivers/STM32WLxx_HAL_Driver/Src/stm32wlxx_hal_uart.c:3052:23:HAL_UART_GetState	24	static
../Drivers/STM32WLxx_HAL_Driver/Src/stm32wlxx_hal_uart.c:3068:10:HAL_UART_GetError	16	static
../Drivers/STM32WLxx_HAL_Driver/Src/stm32wlxx_hal_uart.c:3114:19:UART_SetConfig	80	static
../Drivers/STM32WLxx_HAL_Driver/Src/stm32wlxx_hal_uart.c:3331:6:UART_AdvFeatureConfig	16	static
../Drivers/STM32WLxx_HAL_Driver/Src/stm32wlxx_hal_uart.c:3405:19:UART_CheckIdleState	32	static
../Drivers/STM32WLxx_HAL_Driver/Src/stm32wlxx_hal_uart.c:3458:19:UART_WaitOnFlagUntilTimeout	120	static,ignoring_inline_asm
../Drivers/STM32WLxx_HAL_Driver/Src/stm32wlxx_hal_uart.c:3522:19:UART_Start_Receive_IT	144	static,ignoring_inline_asm
../Drivers/STM32WLxx_HAL_Driver/Src/stm32wlxx_hal_uart.c:3594:19:UART_Start_Receive_DMA	96	static,ignoring_inline_asm
../Drivers/STM32WLxx_HAL_Driver/Src/stm32wlxx_hal_uart.c:3651:13:UART_EndTxTransfer	64	static,ignoring_inline_asm
../Drivers/STM32WLxx_HAL_Driver/Src/stm32wlxx_hal_uart.c:3667:13:UART_EndRxTransfer	88	static,ignoring_inline_asm
../Drivers/STM32WLxx_HAL_Driver/Src/stm32wlxx_hal_uart.c:3693:13:UART_DMATransmitCplt	72	static,ignoring_inline_asm
../Drivers/STM32WLxx_HAL_Driver/Src/stm32wlxx_hal_uart.c:3727:13:UART_DMATxHalfCplt	24	static
../Drivers/STM32WLxx_HAL_Driver/Src/stm32wlxx_hal_uart.c:3745:13:UART_DMAReceiveCplt	120	static,ignoring_inline_asm
../Drivers/STM32WLxx_HAL_Driver/Src/stm32wlxx_hal_uart.c:3806:13:UART_DMARxHalfCplt	24	static
../Drivers/STM32WLxx_HAL_Driver/Src/stm32wlxx_hal_uart.c:3844:13:UART_DMAError	32	static
../Drivers/STM32WLxx_HAL_Driver/Src/stm32wlxx_hal_uart.c:3884:13:UART_DMAAbortOnError	24	static
../Drivers/STM32WLxx_HAL_Driver/Src/stm32wlxx_hal_uart.c:3907:13:UART_DMATxAbortCallback	24	static
../Drivers/STM32WLxx_HAL_Driver/Src/stm32wlxx_hal_uart.c:3962:13:UART_DMARxAbortCallback	24	static
../Drivers/STM32WLxx_HAL_Driver/Src/stm32wlxx_hal_uart.c:4014:13:UART_DMATxOnlyAbortCallback	24	static
../Drivers/STM32WLxx_HAL_Driver/Src/stm32wlxx_hal_uart.c:4047:13:UART_DMARxOnlyAbortCallback	24	static
../Drivers/STM32WLxx_HAL_Driver/Src/stm32wlxx_hal_uart.c:4080:13:UART_TxISR_8BIT	64	static,ignoring_inline_asm
../Drivers/STM32WLxx_HAL_Driver/Src/stm32wlxx_hal_uart.c:4109:13:UART_TxISR_16BIT	72	static,ignoring_inline_asm
../Drivers/STM32WLxx_HAL_Driver/Src/stm32wlxx_hal_uart.c:4141:13:UART_TxISR_8BIT_FIFOEN	72	static,ignoring_inline_asm
../Drivers/STM32WLxx_HAL_Driver/Src/stm32wlxx_hal_uart.c:4181:13:UART_TxISR_16BIT_FIFOEN	72	static,ignoring_inline_asm
../Drivers/STM32WLxx_HAL_Driver/Src/stm32wlxx_hal_uart.c:4222:13:UART_EndTransmit_IT	40	static,ignoring_inline_asm
../Drivers/STM32WLxx_HAL_Driver/Src/stm32wlxx_hal_uart.c:4247:13:UART_RxISR_8BIT	120	static,ignoring_inline_asm
../Drivers/STM32WLxx_HAL_Driver/Src/stm32wlxx_hal_uart.c:4338:13:UART_RxISR_16BIT	120	static,ignoring_inline_asm
../Drivers/STM32WLxx_HAL_Driver/Src/stm32wlxx_hal_uart.c:4431:13:UART_RxISR_8BIT_FIFOEN	184	static,ignoring_inline_asm
../Drivers/STM32WLxx_HAL_Driver/Src/stm32wlxx_hal_uart.c:4593:13:UART_RxISR_16BIT_FIFOEN	192	static,ignoring_inline_asm
