../Drivers/CMSIS/Include/core_cm4.h:1648:22:__NVIC_SetPriorityGrouping	24	static
../Drivers/CMSIS/Include/core_cm4.h:1667:26:__NVIC_GetPriorityGrouping	4	static
../Drivers/CMSIS/Include/core_cm4.h:1679:22:__NVIC_EnableIRQ	16	static,ignoring_inline_asm
../Drivers/CMSIS/Include/core_cm4.h:1717:22:__NVIC_DisableIRQ	16	static,ignoring_inline_asm
../Drivers/CMSIS/Include/core_cm4.h:1736:26:__NVIC_GetPendingIRQ	16	static
../Drivers/CMSIS/Include/core_cm4.h:1755:22:__NVIC_SetPendingIRQ	16	static
../Drivers/CMSIS/Include/core_cm4.h:1770:22:__NVIC_ClearPendingIRQ	16	static
../Drivers/CMSIS/Include/core_cm4.h:1787:26:__NVIC_GetActive	16	static
../Drivers/CMSIS/Include/core_cm4.h:1809:22:__NVIC_SetPriority	16	static
../Drivers/CMSIS/Include/core_cm4.h:1831:26:__NVIC_GetPriority	16	static
../Drivers/CMSIS/Include/core_cm4.h:1856:26:NVIC_EncodePriority	40	static
../Drivers/CMSIS/Include/core_cm4.h:1883:22:NVIC_DecodePriority	40	static
../Drivers/CMSIS/Include/core_cm4.h:1933:34:__NVIC_SystemReset	4	static,ignoring_inline_asm
../Drivers/CMSIS/Include/core_cm4.h:2017:26:SysTick_Config	16	static
../Drivers/STM32WLxx_HAL_Driver/Src/stm32wlxx_hal_cortex.c:184:6:HAL_NVIC_SetPriorityGrouping	16	static
../Drivers/STM32WLxx_HAL_Driver/Src/stm32wlxx_hal_cortex.c:207:6:HAL_NVIC_SetPriority	32	static
../Drivers/STM32WLxx_HAL_Driver/Src/stm32wlxx_hal_cortex.c:231:6:HAL_NVIC_EnableIRQ	16	static
../Drivers/STM32WLxx_HAL_Driver/Src/stm32wlxx_hal_cortex.c:248:6:HAL_NVIC_DisableIRQ	16	static
../Drivers/STM32WLxx_HAL_Driver/Src/stm32wlxx_hal_cortex.c:261:6:HAL_NVIC_SystemReset	8	static
../Drivers/STM32WLxx_HAL_Driver/Src/stm32wlxx_hal_cortex.c:274:10:HAL_SYSTICK_Config	16	static
../Drivers/STM32WLxx_HAL_Driver/Src/stm32wlxx_hal_cortex.c:318:10:HAL_NVIC_GetPriorityGrouping	8	static
../Drivers/STM32WLxx_HAL_Driver/Src/stm32wlxx_hal_cortex.c:346:6:HAL_NVIC_GetPriority	24	static
../Drivers/STM32WLxx_HAL_Driver/Src/stm32wlxx_hal_cortex.c:363:10:HAL_NVIC_GetActive	16	static
../Drivers/STM32WLxx_HAL_Driver/Src/stm32wlxx_hal_cortex.c:379:6:HAL_NVIC_SetPendingIRQ	16	static
../Drivers/STM32WLxx_HAL_Driver/Src/stm32wlxx_hal_cortex.c:398:10:HAL_NVIC_GetPendingIRQ	16	static
../Drivers/STM32WLxx_HAL_Driver/Src/stm32wlxx_hal_cortex.c:415:6:HAL_NVIC_ClearPendingIRQ	16	static
../Drivers/STM32WLxx_HAL_Driver/Src/stm32wlxx_hal_cortex.c:432:6:HAL_SYSTICK_CLKSourceConfig	16	static
../Drivers/STM32WLxx_HAL_Driver/Src/stm32wlxx_hal_cortex.c:450:6:HAL_SYSTICK_IRQHandler	8	static
../Drivers/STM32WLxx_HAL_Driver/Src/stm32wlxx_hal_cortex.c:459:13:HAL_SYSTICK_Callback	4	static
../Drivers/STM32WLxx_HAL_Driver/Src/stm32wlxx_hal_cortex.c:479:6:HAL_MPU_Enable	16	static,ignoring_inline_asm
../Drivers/STM32WLxx_HAL_Driver/Src/stm32wlxx_hal_cortex.c:494:6:HAL_MPU_Disable	4	static,ignoring_inline_asm
../Drivers/STM32WLxx_HAL_Driver/Src/stm32wlxx_hal_cortex.c:510:6:HAL_MPU_ConfigRegion	16	static
